------------------------------------------------------------
Timing Analyzer Summary
------------------------------------------------------------

Type  : Slow 1200mV 85C Model Setup 'CLOCK_50'
Slack : -4.586
TNS   : -62.827

Type  : Slow 1200mV 85C Model Setup 'slowClock:sl1|clk_1Hz'
Slack : -2.416
TNS   : -3.724

Type  : Slow 1200mV 85C Model Setup 'slowClock:sl2|clk_1Hz'
Slack : -2.167
TNS   : -3.739

Type  : Slow 1200mV 85C Model Setup 'slowClock1:s1|clk_1Hz'
Slack : -2.126
TNS   : -4.032

Type  : Slow 1200mV 85C Model Setup 'slowClock:sl3|clk_1Hz'
Slack : -2.083
TNS   : -3.491

Type  : Slow 1200mV 85C Model Setup 'KEY[0]'
Slack : -0.535
TNS   : -0.535

Type  : Slow 1200mV 85C Model Setup 'KEY[1]'
Slack : -0.309
TNS   : -0.309

Type  : Slow 1200mV 85C Model Setup 'slowClock:sl4|clk_1Hz'
Slack : -0.188
TNS   : -0.507

Type  : Slow 1200mV 85C Model Hold 'slowClock:sl2|clk_1Hz'
Slack : 0.347
TNS   : 0.000

Type  : Slow 1200mV 85C Model Hold 'slowClock:sl4|clk_1Hz'
Slack : 0.347
TNS   : 0.000

Type  : Slow 1200mV 85C Model Hold 'slowClock1:s1|clk_1Hz'
Slack : 0.348
TNS   : 0.000

Type  : Slow 1200mV 85C Model Hold 'slowClock:sl1|clk_1Hz'
Slack : 0.348
TNS   : 0.000

Type  : Slow 1200mV 85C Model Hold 'slowClock:sl3|clk_1Hz'
Slack : 0.348
TNS   : 0.000

Type  : Slow 1200mV 85C Model Hold 'CLOCK_50'
Slack : 0.643
TNS   : 0.000

Type  : Slow 1200mV 85C Model Hold 'KEY[1]'
Slack : 0.749
TNS   : 0.000

Type  : Slow 1200mV 85C Model Hold 'KEY[0]'
Slack : 1.156
TNS   : 0.000

Type  : Slow 1200mV 85C Model Recovery 'slowClock1:s1|clk_1Hz'
Slack : -1.568
TNS   : -7.840

Type  : Slow 1200mV 85C Model Recovery 'CLOCK_50'
Slack : -1.494
TNS   : -38.385

Type  : Slow 1200mV 85C Model Recovery 'slowClock:sl4|clk_1Hz'
Slack : -1.443
TNS   : -5.772

Type  : Slow 1200mV 85C Model Recovery 'slowClock:sl3|clk_1Hz'
Slack : -1.337
TNS   : -6.685

Type  : Slow 1200mV 85C Model Recovery 'slowClock:sl2|clk_1Hz'
Slack : -1.328
TNS   : -6.640

Type  : Slow 1200mV 85C Model Recovery 'slowClock:sl1|clk_1Hz'
Slack : -1.314
TNS   : -6.570

Type  : Slow 1200mV 85C Model Removal 'CLOCK_50'
Slack : 1.483
TNS   : 0.000

Type  : Slow 1200mV 85C Model Removal 'slowClock:sl1|clk_1Hz'
Slack : 1.651
TNS   : 0.000

Type  : Slow 1200mV 85C Model Removal 'slowClock:sl2|clk_1Hz'
Slack : 1.686
TNS   : 0.000

Type  : Slow 1200mV 85C Model Removal 'slowClock:sl3|clk_1Hz'
Slack : 1.706
TNS   : 0.000

Type  : Slow 1200mV 85C Model Removal 'slowClock:sl4|clk_1Hz'
Slack : 1.798
TNS   : 0.000

Type  : Slow 1200mV 85C Model Removal 'slowClock1:s1|clk_1Hz'
Slack : 1.933
TNS   : 0.000

Type  : Slow 1200mV 85C Model Minimum Pulse Width 'CLOCK_50'
Slack : -3.000
TNS   : -43.687

Type  : Slow 1200mV 85C Model Minimum Pulse Width 'KEY[0]'
Slack : -3.000
TNS   : -4.403

Type  : Slow 1200mV 85C Model Minimum Pulse Width 'KEY[1]'
Slack : -3.000
TNS   : -4.403

Type  : Slow 1200mV 85C Model Minimum Pulse Width 'slowClock1:s1|clk_1Hz'
Slack : -1.403
TNS   : -7.015

Type  : Slow 1200mV 85C Model Minimum Pulse Width 'slowClock:sl1|clk_1Hz'
Slack : -1.403
TNS   : -7.015

Type  : Slow 1200mV 85C Model Minimum Pulse Width 'slowClock:sl2|clk_1Hz'
Slack : -1.403
TNS   : -7.015

Type  : Slow 1200mV 85C Model Minimum Pulse Width 'slowClock:sl3|clk_1Hz'
Slack : -1.403
TNS   : -7.015

Type  : Slow 1200mV 85C Model Minimum Pulse Width 'slowClock:sl4|clk_1Hz'
Slack : -1.403
TNS   : -5.612

Type  : Slow 1200mV 0C Model Setup 'CLOCK_50'
Slack : -4.165
TNS   : -54.556

Type  : Slow 1200mV 0C Model Setup 'slowClock:sl1|clk_1Hz'
Slack : -2.168
TNS   : -3.059

Type  : Slow 1200mV 0C Model Setup 'slowClock:sl2|clk_1Hz'
Slack : -1.927
TNS   : -3.095

Type  : Slow 1200mV 0C Model Setup 'slowClock1:s1|clk_1Hz'
Slack : -1.900
TNS   : -3.326

Type  : Slow 1200mV 0C Model Setup 'slowClock:sl3|clk_1Hz'
Slack : -1.862
TNS   : -2.868

Type  : Slow 1200mV 0C Model Setup 'KEY[0]'
Slack : -0.415
TNS   : -0.415

Type  : Slow 1200mV 0C Model Setup 'KEY[1]'
Slack : -0.206
TNS   : -0.206

Type  : Slow 1200mV 0C Model Setup 'slowClock:sl4|clk_1Hz'
Slack : -0.079
TNS   : -0.197

Type  : Slow 1200mV 0C Model Hold 'slowClock1:s1|clk_1Hz'
Slack : 0.312
TNS   : 0.000

Type  : Slow 1200mV 0C Model Hold 'slowClock:sl2|clk_1Hz'
Slack : 0.312
TNS   : 0.000

Type  : Slow 1200mV 0C Model Hold 'slowClock:sl3|clk_1Hz'
Slack : 0.312
TNS   : 0.000

Type  : Slow 1200mV 0C Model Hold 'slowClock:sl4|clk_1Hz'
Slack : 0.312
TNS   : 0.000

Type  : Slow 1200mV 0C Model Hold 'slowClock:sl1|clk_1Hz'
Slack : 0.313
TNS   : 0.000

Type  : Slow 1200mV 0C Model Hold 'CLOCK_50'
Slack : 0.598
TNS   : 0.000

Type  : Slow 1200mV 0C Model Hold 'KEY[1]'
Slack : 0.681
TNS   : 0.000

Type  : Slow 1200mV 0C Model Hold 'KEY[0]'
Slack : 1.050
TNS   : 0.000

Type  : Slow 1200mV 0C Model Recovery 'slowClock1:s1|clk_1Hz'
Slack : -1.397
TNS   : -6.985

Type  : Slow 1200mV 0C Model Recovery 'CLOCK_50'
Slack : -1.326
TNS   : -34.153

Type  : Slow 1200mV 0C Model Recovery 'slowClock:sl4|clk_1Hz'
Slack : -1.282
TNS   : -5.128

Type  : Slow 1200mV 0C Model Recovery 'slowClock:sl3|clk_1Hz'
Slack : -1.191
TNS   : -5.955

Type  : Slow 1200mV 0C Model Recovery 'slowClock:sl2|clk_1Hz'
Slack : -1.188
TNS   : -5.940

Type  : Slow 1200mV 0C Model Recovery 'slowClock:sl1|clk_1Hz'
Slack : -1.165
TNS   : -5.825

Type  : Slow 1200mV 0C Model Removal 'CLOCK_50'
Slack : 1.408
TNS   : 0.000

Type  : Slow 1200mV 0C Model Removal 'slowClock:sl1|clk_1Hz'
Slack : 1.588
TNS   : 0.000

Type  : Slow 1200mV 0C Model Removal 'slowClock:sl2|clk_1Hz'
Slack : 1.620
TNS   : 0.000

Type  : Slow 1200mV 0C Model Removal 'slowClock:sl3|clk_1Hz'
Slack : 1.636
TNS   : 0.000

Type  : Slow 1200mV 0C Model Removal 'slowClock:sl4|clk_1Hz'
Slack : 1.718
TNS   : 0.000

Type  : Slow 1200mV 0C Model Removal 'slowClock1:s1|clk_1Hz'
Slack : 1.848
TNS   : 0.000

Type  : Slow 1200mV 0C Model Minimum Pulse Width 'CLOCK_50'
Slack : -3.000
TNS   : -43.687

Type  : Slow 1200mV 0C Model Minimum Pulse Width 'KEY[0]'
Slack : -3.000
TNS   : -4.403

Type  : Slow 1200mV 0C Model Minimum Pulse Width 'KEY[1]'
Slack : -3.000
TNS   : -4.403

Type  : Slow 1200mV 0C Model Minimum Pulse Width 'slowClock1:s1|clk_1Hz'
Slack : -1.403
TNS   : -7.015

Type  : Slow 1200mV 0C Model Minimum Pulse Width 'slowClock:sl1|clk_1Hz'
Slack : -1.403
TNS   : -7.015

Type  : Slow 1200mV 0C Model Minimum Pulse Width 'slowClock:sl2|clk_1Hz'
Slack : -1.403
TNS   : -7.015

Type  : Slow 1200mV 0C Model Minimum Pulse Width 'slowClock:sl3|clk_1Hz'
Slack : -1.403
TNS   : -7.015

Type  : Slow 1200mV 0C Model Minimum Pulse Width 'slowClock:sl4|clk_1Hz'
Slack : -1.403
TNS   : -5.612

Type  : Fast 1200mV 0C Model Setup 'CLOCK_50'
Slack : -1.425
TNS   : -16.378

Type  : Fast 1200mV 0C Model Setup 'slowClock:sl2|clk_1Hz'
Slack : -0.549
TNS   : -0.549

Type  : Fast 1200mV 0C Model Setup 'slowClock:sl1|clk_1Hz'
Slack : -0.534
TNS   : -0.534

Type  : Fast 1200mV 0C Model Setup 'slowClock1:s1|clk_1Hz'
Slack : -0.499
TNS   : -0.499

Type  : Fast 1200mV 0C Model Setup 'slowClock:sl3|clk_1Hz'
Slack : -0.446
TNS   : -0.446

Type  : Fast 1200mV 0C Model Setup 'KEY[0]'
Slack : 0.380
TNS   : 0.000

Type  : Fast 1200mV 0C Model Setup 'KEY[1]'
Slack : 0.466
TNS   : 0.000

Type  : Fast 1200mV 0C Model Setup 'slowClock:sl4|clk_1Hz'
Slack : 0.486
TNS   : 0.000

Type  : Fast 1200mV 0C Model Hold 'slowClock:sl3|clk_1Hz'
Slack : 0.151
TNS   : 0.000

Type  : Fast 1200mV 0C Model Hold 'slowClock:sl1|clk_1Hz'
Slack : 0.152
TNS   : 0.000

Type  : Fast 1200mV 0C Model Hold 'slowClock:sl2|clk_1Hz'
Slack : 0.152
TNS   : 0.000

Type  : Fast 1200mV 0C Model Hold 'slowClock:sl4|clk_1Hz'
Slack : 0.152
TNS   : 0.000

Type  : Fast 1200mV 0C Model Hold 'slowClock1:s1|clk_1Hz'
Slack : 0.153
TNS   : 0.000

Type  : Fast 1200mV 0C Model Hold 'CLOCK_50'
Slack : 0.249
TNS   : 0.000

Type  : Fast 1200mV 0C Model Hold 'KEY[1]'
Slack : 0.301
TNS   : 0.000

Type  : Fast 1200mV 0C Model Hold 'KEY[0]'
Slack : 0.482
TNS   : 0.000

Type  : Fast 1200mV 0C Model Recovery 'slowClock1:s1|clk_1Hz'
Slack : -0.631
TNS   : -3.155

Type  : Fast 1200mV 0C Model Recovery 'slowClock:sl4|clk_1Hz'
Slack : -0.592
TNS   : -2.368

Type  : Fast 1200mV 0C Model Recovery 'CLOCK_50'
Slack : -0.581
TNS   : -14.434

Type  : Fast 1200mV 0C Model Recovery 'slowClock:sl3|clk_1Hz'
Slack : -0.551
TNS   : -2.755

Type  : Fast 1200mV 0C Model Recovery 'slowClock:sl1|clk_1Hz'
Slack : -0.530
TNS   : -2.650

Type  : Fast 1200mV 0C Model Recovery 'slowClock:sl2|clk_1Hz'
Slack : -0.509
TNS   : -2.545

Type  : Fast 1200mV 0C Model Removal 'CLOCK_50'
Slack : 1.071
TNS   : 0.000

Type  : Fast 1200mV 0C Model Removal 'slowClock:sl1|clk_1Hz'
Slack : 1.147
TNS   : 0.000

Type  : Fast 1200mV 0C Model Removal 'slowClock:sl2|clk_1Hz'
Slack : 1.156
TNS   : 0.000

Type  : Fast 1200mV 0C Model Removal 'slowClock:sl3|clk_1Hz'
Slack : 1.188
TNS   : 0.000

Type  : Fast 1200mV 0C Model Removal 'slowClock:sl4|clk_1Hz'
Slack : 1.216
TNS   : 0.000

Type  : Fast 1200mV 0C Model Removal 'slowClock1:s1|clk_1Hz'
Slack : 1.262
TNS   : 0.000

Type  : Fast 1200mV 0C Model Minimum Pulse Width 'CLOCK_50'
Slack : -3.000
TNS   : -32.975

Type  : Fast 1200mV 0C Model Minimum Pulse Width 'KEY[1]'
Slack : -3.000
TNS   : -4.166

Type  : Fast 1200mV 0C Model Minimum Pulse Width 'KEY[0]'
Slack : -3.000
TNS   : -4.146

Type  : Fast 1200mV 0C Model Minimum Pulse Width 'slowClock1:s1|clk_1Hz'
Slack : -1.000
TNS   : -5.000

Type  : Fast 1200mV 0C Model Minimum Pulse Width 'slowClock:sl1|clk_1Hz'
Slack : -1.000
TNS   : -5.000

Type  : Fast 1200mV 0C Model Minimum Pulse Width 'slowClock:sl2|clk_1Hz'
Slack : -1.000
TNS   : -5.000

Type  : Fast 1200mV 0C Model Minimum Pulse Width 'slowClock:sl3|clk_1Hz'
Slack : -1.000
TNS   : -5.000

Type  : Fast 1200mV 0C Model Minimum Pulse Width 'slowClock:sl4|clk_1Hz'
Slack : -1.000
TNS   : -4.000

------------------------------------------------------------
